Microsoft (R) Macro Assembler Version 9.00.21022.08	    08/06/09 23:31:20
alibd32.asm						     Page 1 - 1


				; ----------------------------- ALIBD.ASM ---------------------------
				; DLL entry function for ALIBD32.DLL

				.386
				.model flat,stdcall

 00000000			.code

 00000000			DllEntry proc hInstance:DWORD, reason:DWORD, reserved1:DWORD
 00000003  B8 00000001		        mov     eax, 1
				        ret
 0000000C			DllEntry endp
alibd32.asm(12) : warning A6004:procedure argument or local not referenced : hInstance
alibd32.asm(12) : warning A6004:procedure argument or local not referenced : reason
alibd32.asm(12) : warning A6004:procedure argument or local not referenced : reserved1

				END  DllEntry
Microsoft (R) Macro Assembler Version 9.00.21022.08	    08/06/09 23:31:20
alibd32.asm						     Symbols 2 - 1




Segments and Groups:

                N a m e                 Size     Length   Align   Combine Class

FLAT . . . . . . . . . . . . . .	GROUP
_DATA  . . . . . . . . . . . . .	32 Bit	 00000000 DWord	  Public  'DATA'	
_TEXT  . . . . . . . . . . . . .	32 Bit	 0000000C DWord	  Public  'CODE'	


Procedures, parameters, and locals:

                N a m e                 Type     Value    Attr

DllEntry . . . . . . . . . . . .	P Near	 00000000 _TEXT	Length= 0000000C Public STDCALL
  hInstance  . . . . . . . . . .	DWord	 bp + 00000008
  reason . . . . . . . . . . . .	DWord	 bp + 0000000C
  reserved1  . . . . . . . . . .	DWord	 bp + 00000010


Symbols:

                N a m e                 Type     Value    Attr

@CodeSize  . . . . . . . . . . .	Number	 00000000h   
@DataSize  . . . . . . . . . . .	Number	 00000000h   
@Interface . . . . . . . . . . .	Number	 00000003h   
@Model . . . . . . . . . . . . .	Number	 00000007h   
@code  . . . . . . . . . . . . .	Text   	 _TEXT
@data  . . . . . . . . . . . . .	Text   	 FLAT
@fardata?  . . . . . . . . . . .	Text   	 FLAT
@fardata . . . . . . . . . . . .	Text   	 FLAT
@stack . . . . . . . . . . . . .	Text   	 FLAT

	   3 Warnings
	   0 Errors
